CREATE EXTENSION psql_temporal;
CREATE TABLE firemen_temporal (
	id serial PRIMARY KEY,
	name text,
	"rank" text
);
-- fill table
INSERT INTO firemen_temporal (name,"rank") VALUES ('Bram','Sgt.');
-- create tables
select public.convert_to_temporal('firemen_temporal');
 convert_to_temporal 
---------------------
 t
(1 row)

-- check that history table is created exist
SELECT EXISTS (
   SELECT FROM information_schema.tables 
   WHERE  table_schema = 'firemen_temporal_history'
   AND    table_name   = 'table_name'
   );
 exists 
--------
 f
(1 row)

-- make sure the previous history is not yet transferred.
select count(id) from firemen_temporal_history;
 count 
-------
     1
(1 row)

